python : 15:41:34 | INFO     | Database initialized: 
sqlite:///data/test_gare_easy.db
At line:1 char:1
+ python test_database.py > test_output.txt 2>&1; type test_output.txt
+ ~~~~~~~~~~~~~~~~~~~~~~~~~~~~~~~~~~~~~~~~~~~~~~
    + CategoryInfo          : NotSpecified: (15:41:34 | INFO...st_gare_easy.db:St 
   ring) [], RemoteException
    + FullyQualifiedErrorId : NativeCommandError
 
15:41:34 | INFO     | Inserting new tender...
15:41:34 | INFO     | Inserted new tender: CIG_ABC123XYZ456

============================================================
GARE EASY - DATABASE LAYER TEST SUITE
============================================================

============================================================
TEST 1: Tender Upsert (Insert & Update)
============================================================
Traceback (most recent call last):
  File "C:\gare_easy\test_database.py", line 312, in main
    test_upsert_tender()
  File "C:\gare_easy\test_database.py", line 83, in test_upsert_tender
    print(f"\u2713 Inserted tender: {tender_id}")
  File "C:\Program Files\WindowsApps\PythonSoftwareFoundation.Python.3.11_3.11.254
4.0_x64__qbz5n2kfra8p0\Lib\encodings\cp1252.py", line 19, in encode
    return codecs.charmap_encode(input,self.errors,encoding_table)[0]
           ^^^^^^^^^^^^^^^^^^^^^^^^^^^^^^^^^^^^^^^^^^^^^^^^^^^^^^^
UnicodeEncodeError: 'charmap' codec can't encode character '\u2713' in position 
0: character maps to <undefined>

During handling of the above exception, another exception occurred:

Traceback (most recent call last):
  File "C:\gare_easy\test_database.py", line 338, in <module>
    sys.exit(main())
             ^^^^^^
  File "C:\gare_easy\test_database.py", line 328, in main
    print(f"\n\u2717 ERROR: {e}")
  File "C:\Program Files\WindowsApps\PythonSoftwareFoundation.Python.3.11_3.11.254
4.0_x64__qbz5n2kfra8p0\Lib\encodings\cp1252.py", line 19, in encode
    return codecs.charmap_encode(input,self.errors,encoding_table)[0]
           ^^^^^^^^^^^^^^^^^^^^^^^^^^^^^^^^^^^^^^^^^^^^^^^^^^^^^^^
UnicodeEncodeError: 'charmap' codec can't encode character '\u2717' in position 
2: character maps to <undefined>
